[debug] [2026-08-30T01:48:12.697Z] ----------------------------------------------------------------------
[debug] [2026-08-30T01:48:12.700Z] Command:       /home/alves-thomaz/.nvm/versions/node/v24.20.0/bin/node /home/alves-thomaz/.nvm/versions/node/v24.20.0/bin/firebase deploy
[debug] [2026-08-30T01:48:12.700Z] CLI Version:   15.28.2
[debug] [2026-08-30T01:48:12.700Z] Platform:      linux
[debug] [2026-08-30T01:48:12.700Z] Node Version:  v24.20.0
[debug] [2026-08-30T01:48:12.700Z] Detected Agent: unknown
[debug] [2026-08-30T01:48:12.701Z] Time:          Sat Aug 29 2026 22:48:12 GMT-0300 (Horário Padrão de Brasília)
[debug] [2026-08-30T01:48:12.701Z] ----------------------------------------------------------------------
[debug] 
[debug] [2026-08-30T01:48:13.655Z] > command requires scopes: ["email","openid","https://www.googleapis.com/auth/cloudplatformprojects.readonly","https://www.googleapis.com/auth/firebase","https://www.googleapis.com/auth/cloud-platform"]
[debug] [2026-08-30T01:48:13.655Z] > authorizing via signed-in user (charlesthomaz87@gmail.com)
[debug] [2026-08-30T01:48:13.655Z] [iam] checking project setelagoaspolitica for permissions ["firebase.projects.get","firebasehosting.sites.update"]
[debug] [2026-08-30T01:48:13.670Z] Checked if tokens are valid: false, expires at: 1788054466897
[debug] [2026-08-30T01:48:13.670Z] Checked if tokens are valid: false, expires at: 1788054466897
[debug] [2026-08-30T01:48:13.670Z] > refreshing access token with scopes: []
[debug] [2026-08-30T01:48:13.673Z] >>> [apiv2][query] POST https://www.googleapis.com/oauth2/v3/token [none]
[debug] [2026-08-30T01:48:13.673Z] >>> [apiv2][body] POST https://www.googleapis.com/oauth2/v3/token [omitted]
[debug] [2026-08-30T01:48:14.062Z] <<< [apiv2][status] POST https://www.googleapis.com/oauth2/v3/token 200
[debug] [2026-08-30T01:48:14.063Z] <<< [apiv2][body] POST https://www.googleapis.com/oauth2/v3/token [omitted]
[debug] [2026-08-30T01:48:14.077Z] >>> [apiv2][query] POST https://cloudresourcemanager.googleapis.com/v1/projects/setelagoaspolitica:testIamPermissions [none]
[debug] [2026-08-30T01:48:14.078Z] >>> [apiv2][(partial)header] POST https://cloudresourcemanager.googleapis.com/v1/projects/setelagoaspolitica:testIamPermissions  x-goog-user-project=setelagoaspolitica
[debug] [2026-08-30T01:48:14.078Z] >>> [apiv2][body] POST https://cloudresourcemanager.googleapis.com/v1/projects/setelagoaspolitica:testIamPermissions {"permissions":["firebase.projects.get","firebasehosting.sites.update"]}
[debug] [2026-08-30T01:48:15.090Z] <<< [apiv2][status] POST https://cloudresourcemanager.googleapis.com/v1/projects/setelagoaspolitica:testIamPermissions 200
[debug] [2026-08-30T01:48:15.090Z] <<< [apiv2][body] POST https://cloudresourcemanager.googleapis.com/v1/projects/setelagoaspolitica:testIamPermissions {"permissions":["firebase.projects.get","firebasehosting.sites.update"]}
[debug] [2026-08-30T01:48:15.092Z] Checked if tokens are valid: true, expires at: 1788058093064
[debug] [2026-08-30T01:48:15.092Z] Checked if tokens are valid: true, expires at: 1788058093064
[debug] [2026-08-30T01:48:15.093Z] >>> [apiv2][query] GET https://firebase.googleapis.com/v1beta1/projects/setelagoaspolitica [none]
[debug] [2026-08-30T01:48:15.675Z] <<< [apiv2][status] GET https://firebase.googleapis.com/v1beta1/projects/setelagoaspolitica 200
[debug] [2026-08-30T01:48:15.675Z] <<< [apiv2][body] GET https://firebase.googleapis.com/v1beta1/projects/setelagoaspolitica {"projectId":"setelagoaspolitica","projectNumber":"702716040682","displayName":"setelagoaspolitica","name":"projects/setelagoaspolitica","resources":{"hostingSite":"setelagoaspolitica","realtimeDatabaseInstance":"setelagoaspolitica-default-rtdb"},"state":"ACTIVE","labels":{"firebase":"enabled"},"etag":"1_7040d48d-0d3d-4774-b05c-66507c304be5"}
[info] 
[info] === Deploying to 'setelagoaspolitica'...
[info] 
[info] i  deploying hosting 
[debug] [2026-08-30T01:48:15.682Z] Checked if tokens are valid: true, expires at: 1788058093064
[debug] [2026-08-30T01:48:15.682Z] Checked if tokens are valid: true, expires at: 1788058093064
[debug] [2026-08-30T01:48:15.682Z] >>> [apiv2][query] GET https://firebasehosting.googleapis.com/v1beta1/projects/setelagoaspolitica/sites/setelagoaspolitica [none]
[debug] [2026-08-30T01:48:16.861Z] <<< [apiv2][status] GET https://firebasehosting.googleapis.com/v1beta1/projects/setelagoaspolitica/sites/setelagoaspolitica 200
[debug] [2026-08-30T01:48:16.862Z] <<< [apiv2][body] GET https://firebasehosting.googleapis.com/v1beta1/projects/setelagoaspolitica/sites/setelagoaspolitica {"name":"projects/setelagoaspolitica/sites/setelagoaspolitica","defaultUrl":"https://setelagoaspolitica.web.app","type":"DEFAULT_SITE"}
[debug] [2026-08-30T01:48:16.866Z] Checked if tokens are valid: true, expires at: 1788058093064
[debug] [2026-08-30T01:48:16.867Z] Checked if tokens are valid: true, expires at: 1788058093064
[debug] [2026-08-30T01:48:16.868Z] >>> [apiv2][query] POST https://firebasehosting.googleapis.com/v1beta1/projects/-/sites/setelagoaspolitica/versions [none]
[debug] [2026-08-30T01:48:16.869Z] >>> [apiv2][body] POST https://firebasehosting.googleapis.com/v1beta1/projects/-/sites/setelagoaspolitica/versions {"status":"CREATED","labels":{"deployment-tool":"cli-firebase"}}
[debug] [2026-08-30T01:48:17.411Z] <<< [apiv2][status] POST https://firebasehosting.googleapis.com/v1beta1/projects/-/sites/setelagoaspolitica/versions 200
[debug] [2026-08-30T01:48:17.411Z] <<< [apiv2][body] POST https://firebasehosting.googleapis.com/v1beta1/projects/-/sites/setelagoaspolitica/versions {"name":"projects/702716040682/sites/setelagoaspolitica/versions/9780d623ed32b411","status":"CREATED","config":{},"labels":{"deployment-tool":"cli-firebase"}}
[info] i  hosting[setelagoaspolitica]: beginning deploy... 
[info] i  hosting[setelagoaspolitica]: found 149 files in . 
[debug] [2026-08-30T01:48:17.475Z] [hosting] uploading with 200 concurrency
[debug] [2026-08-30T01:48:17.745Z] Checked if tokens are valid: true, expires at: 1788058093064
[debug] [2026-08-30T01:48:17.745Z] Checked if tokens are valid: true, expires at: 1788058093064
[debug] [2026-08-30T01:48:17.746Z] [hosting] hash cache [] stored for 149 files
[debug] [2026-08-30T01:48:17.746Z] [hosting][hash queue][FINAL] {"max":260,"min":0,"avg":13.282088544807266,"active":0,"complete":149,"success":149,"errored":0,"retried":0,"total":149,"elapsed":267}
[debug] [2026-08-30T01:48:17.746Z] >>> [apiv2][query] POST https://firebasehosting.googleapis.com/v1beta1/projects/702716040682/sites/setelagoaspolitica/versions/9780d623ed32b411:populateFiles [none]
[debug] [2026-08-30T01:48:17.747Z] >>> [apiv2][body] POST https://firebasehosting.googleapis.com/v1beta1/projects/702716040682/sites/setelagoaspolitica/versions/9780d623ed32b411:populateFiles {"files":{"/sobre.html":"a1c0c0bc3511799038ccc75b0cd54d5ec5bc3faafe1e7b55b68569b2c25640dc","/manifesto.html":"8b3a6fa73ce227594755b5e72b2e479370a95928265ae20179ebf5785fe1eff8","/index.html":"56c784fb08cda9b9f06feac10bac72a35b7f4cb07656229ba95131297575a453","/conhecimentos.html":"0f345429adccc175239f46b3eb44700b36d8c2c999f6c59496098b8515f97981","/conhecimento.html":"e73c85edd61513ae4b268c8babab3754a18e57c572f50064b4913c287931b929","/colunista.html":"67e8b2056cb864f15a99a944e3f811bf52c0c5fdc3d73589e66f86325d8606a7","/artigos.html":"a92e40cae81c4f16f58e03f630c4ee63e24fe6492f713cef5b76da965aa0d2e6","/README.md":"3e8397a299dab9b718af157605f4ad8a98666335d0599522350e7f00fce3aa84","/documentos/Manifesto_e_Programa_do_PSB.pdf":"5ef290b3ea0d4512f26ce6d19a57d5e637577d9c513a0112431e86487e83c8ba","/documentos/Criatividade-PSB-Digital.pdf":"15a98f4dc86da2938bc2c38d9e5d51c2e96105f8887229694b00547b9cdcc6f5","/documentos/Cidades_Criativas.pdf":"fc8449448b99c4dbdb28b0574ae2ba8aab0e327ec3cef230f48abb775a348ec5","/assets/js/gamification.js":"f6432fbb02dc5e2879fa2fd2c96d66b8c57fcb30ca78a6ba3ee85e6d1615edca","/assets/js/app.js":"92cd3fefef29e94eeb37e1c28281ce2b24cf8cd3344ffb2e9b11c312f1335e66","/assets/img/logo.jpg":"a62d4f9d39ced8e06b72edb6e98b16b63658860a5e1347aa97f04f5a4e680d3a","/assets/img/logo-384.webp":"e018a1e93e2b0b4f8c0eaa7661dc349c141c9c63d50a8d04a25086b7a3367a20","/assets/img/colunista.jpg":"24da703d663e04452ba0f3fb3c328fe485d9ea7f93e37c5fc721f184e24c3682","/assets/img/colunista-320.webp":"e216b34546b445d24df93303a4e65ac44fcaee72b8f9c2f5a391d2e5752857b9","/assets/img/acervo/saintSimon.png":"4a8b95669d2cc4c47fae3d8d69612ffb21273222a4339cae0f8b884377214247","/assets/img/acervo/rosaLuxemburgo.png":"9b5f42952d2ec30790513b4068dbe007a31797fde4d60afd051ce72132538906","/assets/img/acervo/keynes.png":"b2b7854a31ff4c67b787494be395d3def015d2d469330709710aeed12fb448e2","/assets/img/acervo/hobbes.png":"da553dbc1693d51e6908ff54cb12ed164cf85f41ec7570614764417c308f18f6","/assets/css/style.css":"0c3389a77a7b6718e1f0226aa044091f3e7aedddf2726b73a80351fa25ebb770","/assets/css/gamification.css":"d1b188c729eb80c548775cc64753f20a022479907e9ba5f0743fdb1cca4dcd99","/assets/audio/7SETE.mp3":"037eafbe156fa049e60285c07a87d8dc042d4db6d127bbc39dee45721ea9f90d","/assets/audio/7SETE-v2.mp3":"827f3d6acce62c6299534f186278bb2051221b71fb26bfaea691f6c069781261","/assets/audio/7SETE-alt.mp3":"827f3d6acce62c6299534f186278bb2051221b71fb26bfaea691f6c069781261","/artigos/artigo-04.pdf":"c929bc6d94c4c6606f9f2e73bca8e4358e6927ddc3f29baa9892210a9d1b3adc","/artigos/artigo-03.pdf":"330cf8bd7ebb67e71db9a31e4974df0e205a664aa5d065a4db2f42c27fb31c0a","/artigos/artigo-02.pdf":"32649f307413559e95d23dcb87770c77cb95f0f430081983c5d4b35ecfeb2bce","/artigos/artigo-01.pdf":"b6577780700286be216223c29c91e75fd68642a424325a7b2942627b0f552606","/.vscode/settings.json":"cd3f703e7f8f8b763e3e77f5689276a5a13a97456644f31ec140ebd0bb035ae8","/.git/packed-refs":"c97c178bcb465eb76e04c1bc28bd635f8305a644262c94e27a7ed6384867307f","/.git/description":"ebf7809b165f33d0c5879fe7647d39608e0b21e1e5ed37fd2252c7fdf5d2afdb","/.git/config":"0fce7575d41a1c2e172f1002fefc98077aa8fec9e2b22603ba4d33232414839d","/.git/ORIG_HEAD":"acaf303dda68427ee2c79a2c1f5745ba136a33fdd059fba7dd77c1c7c7967d02","/.git/HEAD":"58766951e606b2022f59cd9f29b2917abd798a925686f219a831c72d3b896199","/.git/refs/remotes/origin/HEAD":"9564908e0ed3f9372642daf887b447be77e08d8020873e5f3f2985fbd03e81f7","/.git/objects/pack/pack-5b30f4faf8268fe564a9b4eeb2101fc875924de8.rev":"dfe56557d248c1ce00b92971f5044f2dda2693f65e2001219ccc9d85ff6a63d5","/.git/objects/pack/pack-5b30f4faf8268fe564a9b4eeb2101fc875924de8.pack":"1db97debf5d519dbed4b999e508dfe4aec1140d7099df8714ac561f25f11598f","/.git/objects/pack/pack-5b30f4faf8268fe564a9b4eeb2101fc875924de8.idx":"9448745eed181e059bd1da0ff3b7fd58844d58276b4e1463334cbbe2d85e4572","/.git/objects/fe/fe813a449f7d3c6a140442d02dcd17d93e7c3b":"7343f5913e2095f1e6f96b25d238f46408ad04a0e45f2f689a5df85e2526c123","/.git/objects/fe/47e8296a6eceb1806dfd9792996805305c5148":"946fe82b60ee872ce180e37dd21f3675c6e90c04b9d04e586d5759f4825a3b3a","/.git/objects/fd/2d0a7274d9805b153e4db29fe400f0ff0cd7ec":"5ec74422db72df5a7a654728f77c8c95d58f3a546b1fc28b95bcd17287f45a72","/.git/objects/fa/6b2d11a9379c95df6478b60ec3abc4aab96ee7":"2ee1a43d5c73a1ba74e13852738a2d38399aff7fb460b824a86ea6bdf58f7b2d","/.git/objects/f4/800bcde9ea1045eef951c6c8f1151f67801884":"e356cc9a50df12c7acae8f9dc6f7db13fbcc580fae514647db240c33917d2d27","/.git/objects/f2/3a1bbc362ce6b790a57d13661256ec6f89b7e2":"455415907ebba0507b8beb8c7e2201e49c497caf480092fb4d77ce3690a71f6d","/.git/objects/f1/f1d6ce4550b195e55518220e1d8e01a849eb37":"e516cb41c65254c5f8bca4013f87bff907faee4826322974b30ce4c0f8db0bd5","/.git/objects/eb/59db83655ee5720b5295ce1be2c26bf561fd42":"fccf95cf8e4406138a7f083bb4ff2480f6ccaf47e8998f5e4248acd828488df8","/.git/objects/e9/6f7b91106f3002425a6022780adaa79997a571":"24342f8c9e1496c63c21b31b82be15a7b238e16b31cc22557104a5017116fb76","/.git/objects/df/2a4925d6f897dc29392dc03f9216f0688f774b":"cc655c940a770b5812f101c37511cfa100f1c9b690a4a570a0a1627105cc54a1","/.git/objects/db/74af59bdd97256d1bbba810ebc20c20077e6bf":"1988e5cb4080adf59816aaa6ce3288d2fbc253c6d9bf187f1bd838abac0324eb","/.git/objects/d4/bd2be2a018289877c35cb9e9192350ae788a73":"d7251275536ffb8a4539f5003737a7094a37e246e1d473785c9c518e8a19a297","/.git/objects/cd/7e1ffb7befd8645d5c3b6aaf6003fd50fb3f9c":"70493747ccaba09f43a3902d86b7802c29b25d21f87dcb3264f3dd0439991731","/.git/objects/cc/204a475c8d518f1e1664336f03d49e598849d8":"f32284f3e3e16cc36cf9d355ab4af73dc6edd27fee22fc04d2d05a5e94843ef1","/.git/objects/c9/9bb4856394239b0e5a4577a532c8d7e42317f3":"351bb91a90654f29851b70e8a6bb59771e2ab43602abae8025ae0a967d58a6bd","/.git/objects/c9/5711df51d2321b332342fa3cbe9a5722462384":"80b52895aa5aebdbba00ca505cf742efa90cb0da5aab8799f5fc6fcfd2f0974e","/.git/objects/c0/2e112b707342dc5cf61bcde35ddda5e988afe7":"8fe502b529933a0b671fd1fffffc417d97a3d43a1ef7a20634267a7b48200dd5","/.git/objects/bd/0a2ec0678cd62abbd0e1cef5df86182415b5f4":"30eee5ed0112be62850ab54342c161a6013600a30763600a1bb5cbd615e48969","/.git/objects/bc/0e5b562e79a0607e35b3a2c9b713faed964fc3":"fac37c4d1e2d2d0e8118212168a98ffea059cb0003e69a118ba4efdd7c5b0a96","/.git/objects/bb/3e616021a69d8d82b65e672b677536bd0aacfd":"dddd0eb4270b07e885df3df6e8eb25f2308375097b34b16059279a7070f61e75","/.git/objects/bb/28b49619f52e8f77560443b6c87e3b1ea6fdec":"4c8201b1235e325ce7de570c5854d214dc74d6cf183cef8a601e4c2ba08622a6","/.git/objects/ac/005206f5c5263afbc2070c594c1b2d211c20ea":"dd1ed0fefab2105e25b43cfa4d483334eff3b8d9749cb663adbda8c354803fcf","/.git/objects/ab/1271b56f3b2f6786309c6fb05573ec68992a5b":"7ef5ecb4eef876c9cd82c49d3c999ce0912257f4ffc0af7a450951f3308b84de","/.git/objects/a9/c26514c1e261440b01c658d1ac2ece7d465710":"b74ca6f15d8dd5b1432b970f6a5733658cb2205a96b1c135b42e3be0af0ec5dd","/.git/objects/a9/34cec0066209299f691af73e538a761929aee0":"b24d0fb01bc2c2b51447ee1c7bced66eca6b2ef194c372c107c96fae0aaa84d8","/.git/objects/a2/dbca131a279948bb6a9079d0fb74f4f61e7187":"8f23e11ebe0a8fec97166eb490e201c4107d50c26b3d8ce86d5d1d2f6dda079e","/.git/objects/96/7072cc4bee5b62a9d8c367a030307f9dbed283":"5c72e6889a8950317ddc6a09620f90986907288e16eb8e493c4f44b3d3d6dabd","/.git/objects/8f/d0a6fe156f8298e688f24cb2ea4b571c9e84aa":"1fb4d3d8c7a798aea53fa9dd20f9382dca1fd1225a40eb844cb46217f572bbd5","/.git/objects/85/0a898ad857d90b881fdda523e0258e0eb4b967":"6eeb179cf462bbe929c35ae610ef542d79f7bf186be0e2147662ad631af0fbc5","/.git/objects/83/f9c2d4dfe83abcab1e87b0b4ae1bd45049377a":"015bbbcff3713135b3cc5ea7fd528779324bcf0e9e0fb317539087efbc899417","/.git/objects/83/b5b5fb75fdb0ac4fe1e05823df16a09abbdef2":"a8dadb04d81eaa9b865bae8b551de318213039a308833011944de5e42bb18096","/.git/objects/80/5af69c748645f00d78376b72ec0f4b00263523":"6afdbeca3a58268870e2e7fcbe201cbc9f117fd3a4a0b17591dbe57b70dded66","/.git/objects/80/5323fa92a1be4a68cb743d6e456029ee3c7a32":"9fa2814ebf884612d42819c7dfa6bac0079b3c958b92eeb413df64708053846c","/.git/objects/7d/d8b564f638d072dae6149e41b556501aeafebc":"7050b4109b81f2170143fa8a0e021a40c26feb7945ec859864d046e649260735","/.git/objects/75/16ceed2db351c21cb5be78582f1962bc5e4203":"a5bf02f4ce4a8d4c991cf1aba48f08284e45ba0fd1248f0573c42984e6ff5722","/.git/objects/72/f1254c7b9ecf436598f3858e8ac7892da8dafd":"a5813ca94fe24cf456735289889b444c2277ba54bab35cecb229b47065ec8fb6","/.git/objects/58/907fdd9a5b97a6606c00b8f736ea7eb97f0926":"4a8ad9079ea816a13ec6a4918f9c780132b92d64fd027ac6efa5c14b0c62b841","/.git/objects/53/c5ff4e6e62efb2c9adbfe66d6d435ddc7a752d":"199b48cd4e671cae6293aaa19802e9990b140effc3fd727b3373dcdbb91cc14d","/.git/objects/4e/ad17b9f2fecdfe141e3d826a68fdf2ec172444":"11afdb068fdb540b886e865e4d3e7f06781082c5a156018dd7df9194cee9386f","/.git/objects/4e/9c171428e57b07568e2d875bdee341f7d56ee3":"dc92fa0d37461d6f99a8130cc7d7f476f6fe380c8849b470f90ba6dd468f83da","/.git/objects/4c/de1ea0a2f43fa71671da4dc76bb83272cf947f":"2559a71d96ae925600846da13728b7fdb133c74bca69036eb8d129437e441816","/.git/objects/4a/d57644fa08e558eb97ccf0a342e8aff1ffe07a":"56c16e50cad5aac3541f191a5bba77c4a0a76554ababfaba6e8dd7ca7a864922","/.git/objects/47/4e43d22e4a78889dbf4baf53c013c3da39891d":"8b73f77fdec4777472076dfc1d84de2f821e06c2023e01da8b554dad28494ea4","/.git/objects/45/f266a68e20d06466f3afc5ef8e182db64b07e3":"da658b3b0000891725db9a1d20b1a3ef532879200d6a45fa1717e6ba7f0c78b5","/.git/objects/3f/83e7c8f6033c8570a807e47f0575996435d0a3":"680f1a0f59a8c6a3401d017df5dc7c419f2c49fbb2b2e028277e66d5d3d4436f","/.git/objects/3e/62b8063e6af63714d156ccc11ba9ca44e31e27":"29b029f2236f8a5f9ecb5a8c71a5ccca255dea380312de580eaa732e4f4ecf1b","/.git/objects/3c/9ee99b9e1cceb08849a19289b7c6052e7a6946":"99f4c6d536ff12b58b99638e2f067480202f1e8805bfbaa3138d480782668044","/.git/objects/39/2bf5d5ab8f3df197c1a67f32e621e496f72394":"f7e3a3e63fce2097008b8e35d4fa807a1ccc2ab6a1dc3de07ee0726e718e13e0","/.git/objects/37/0a7b2ab2bb4bc9867fedbb63d78cf8484df364":"62ee9f2ecc8dc777c63378582af354bced9c6bdaf97e42d0b28d114ca9de1acd","/.git/objects/34/aa3a27accdd21e9a3b53037c9d2752844ecfa5":"2ffc327224105099b1a67e79d760f5348047a1b1cf90ab1700288320ea892735","/.git/objects/24/8fe71466347e68cd61df3270f7b8d92be7fb47":"f0891748b8dadf1b42d3b5512dd664a7f831f699d87f26ef1123814efcd7cf1d","/.git/objects/1d/d8f8c8e4c9e46af73c0d37456ac60224f2c7ac":"16ef213646d2bcdc76013354b27e9fe8a5f9ce981f20fcad9810c9edef6db3a9","/.git/objects/18/d3056965e295168d53d50a479780f8783bade5":"fdfee442858e205ede8bab30e4b312c37894346025456b697b39936316a6f5cb","/.git/objects/15/50fb5ed8654a367c83cf010bceb83c539aa45b":"3cb524f21b4625b50b06ad3a48745c9b0136463e1cd2e9da2e5de565ee7aa825","/.git/objects/15/4a45abc61b8ed2166d98cfb574721bdee7703b":"36ca7119f2ac01de4dccf51e3d5602b2c1b1053bc1be92a94b00b77ba78272b3","/.git/objects/14/df4900776e7ad59a74f60e0e4155386d1a682d":"1680b65f7baf0da0810e574902248246764dbc6d015a283ffb88ffc0953b4cc2","/.git/objects/13/d7c8338790d3f867cd49ab988275565ad4da21":"ccf32fa2624e9f86afbab0fd6989f8fa512cdd91b2bbfa4da513d4477e9b1efd","/.git/objects/13/5d324030fc64534fc748c4f683673db0c8bce0":"d23d555e544a836c5638b81768f582e1ccea7046361ff5f311904a47c9a3a8dc","/.git/objects/12/85d0cb8c2a29aa89fc4089b87e108a0e6e19db":"0cc3bbf6eec2ff662a36bc55a3b36049c427e657c9dd3b9c98dfd7aa7e79da1f","/.git/objects/10/b69aa3fd98e2b93310001eb951da68c9c64eb2":"d9cea83edbc5109d794c30979e04e88f1a1b4099753d42c486bd9dab3beb81e0","/.git/objects/10/58d11f7591f9e0ebbb5d273116bf0cbf399b24":"9c5fc474c733cf9a4957e6d1e451013be89a7e3e3f970ab4b74563848ec1fd11","/.git/objects/05/e3d9fcb5cc957e09332b695a4ec93532f4dc80":"671f20ae1cc396c7adb34fa78a6c90a9835f843511f3aaa69703b15375487ad8","/.git/objects/04/46c8f8bf2109edcda56c4e0430b9e9803ea600":"209aaffc5780e49db74fbca8529075687da4b10b2f1554b06552a7f22c5c5274","/.git/objects/02/c4042ed1892c7c67e51c7e65a905e9f2227215":"775e6a8edfb7d55a7d87430df0da1a8fa9dce2eaed4365722beba6b7673c29b6","/.git/objects/02/9615a39b962574ae2f18418099be252c671aa1":"5e7bde8d985d948f484b555abc3b6b060a50b73e4cf1ce9d981b4b144af2a4de","/.git/objects/01/b4e9f21c0ef3003d5d4cd581f5fd461c199351":"310a15bbbc3ec9d6f0d447033c78e4cf36183e0d989eb75bf6801d2938e00019","/.git/objects/01/13ee7d9c92aa2f64b93d1f5f209237d7ccd6fc":"a6ef1ee15044b2d1817b18a6d51fc716c8fcebccd79baf7fb8a7a6162892638c","/.git/objects/00/26a3767f4bdf6a1be64c891b66f28bef3ce1b8":"20dd7fa1f1472fefd6cb242a159c2c828286c3e92271604ed1f9bee3ea46e09a","/.git/logs/refs/remotes/origin/HEAD":"fa08afd20003b191c76361a5c11d6ebe7679436d580d72d0f5351763738ead7f","/.git/info/exclude":"0841f354ce5bda6aba7c2848439e18201772479d26a26106ced5c443157da145","/.git/hooks/update.sample":"6a1957323dcdd534fe6b5d80cb8136e322f486641fe0f1ee310c78561e7dcb3c","/.git/hooks/sendemail-validate.sample":"219c165aaa8b627c63dfb5bf8e5485c743ef2418142871fbbf69747fe0d8a511","/.git/hooks/push-to-checkout.sample":"6d55a2563d9bd108dc78bbda1a3b23b04fd1014c88a4eaa40522c4cce4532e30","/.git/hooks/prepare-commit-msg.sample":"791253db1313bc3ef670178bc27178e5defd3cbca19229de28129786521f7a2d","/.git/hooks/pre-receive.sample":"a826e94192017b07149249a669e5f821f158c0067e324a0966f453e135d0300b","/.git/hooks/pre-rebase.sample":"ea6bb9f5e46fb4e185c133cc78c22a277e4a835ac1076195840e7f19e5925866","/.git/hooks/pre-push.sample":"c5fbac9dd53cd5457adba45b919f4d1783069f85fa80d7394c962e930c727442","/.git/hooks/pre-merge-commit.sample":"2d8bfc21d7dc6ebd20a2cd76adf64596fe55766cb3047eafd03ed1725549a7ef","/.git/hooks/pre-commit.sample":"4c83b5a10ad9f09695af4942f2dcf5bf82816d2de56c9c5fdd5cabb47b84b1d9","/.git/hooks/pre-applypatch.sample":"87392294ad26a15ad76e4935a080002fd19e36b679dc9b5a86bfadc3892b5ed2","/.git/hooks/post-update.sample":"870dc18f471d0cdcc4e7c4e075192743b284be5a15c37829131af70159f9f5cf","/.git/hooks/fsmonitor-watchman.sample":"6f76d0d17964fee99d8a5c85833d62ddfe02e28fe22779acda1ccf6bd3494dc5","/.git/hooks/commit-msg.sample":"c2e6de548eee3869d069fddcc71627b25c6c2dfbb899c13460e2b64520dd4d5f","/.git/hooks/applypatch-msg.sample":"85aec6cb825ab54714baab1a14b0a971f3b47b2c8dbe82de9789b6a0d58fca64","/acervo.html":"5fba225fe3b19a9e44a0a13ba3786d1f82142e7694f82c7b93a0335f0e0fbfc5","/.git/COMMIT_EDITMSG":"8366e0564da8dff975e2407a2c7ecd228da84e34b1701bab98b7a9231bba4c85","/.git/index":"efd808716a13c3c76a36b3072a331c49a20758fd7dac691760bb9fbdb80d3907","/.git/refs/remotes/origin/main":"4bced0bf6b71c733e987ad5707cec1dfb0d6dcf0db1e70bbe2e5cfeb428bf793","/.git/objects/de/3cdfbed019cd7f7401b1cb9c1cdf8a98af1b44":"f9d2d597731b13fcaf0b601148b71d582be0a92220712abcb09fa3792b595883","/.git/refs/heads/main":"4bced0bf6b71c733e987ad5707cec1dfb0d6dcf0db1e70bbe2e5cfeb428bf793","/.git/objects/c1/ffa128e7d1761048c34b1101b155a84d695a49":"b476d5d417536ca6195c56b44caa0af14db23ef458f0db0963363857036062df","/.git/objects/ba/4b4a0e213b92ff37cb68b3bb5c69e4007cf07d":"7d9cc12ae901c5f275245ac92b6d6149d8eae0adbf814e8faed605589e4ecfed","/.git/objects/a7/5b726523722a3f5a6436b71dc0a6fc3470c216":"c1a2b98ec4a1dfcf91396ab6208a59455301541fc6800f2212923fea37534168","/.git/objects/a5/4dd426835afdf844b7ae675ff2050335aacc7f":"5a8cbb2d9b0d8866243a317882058fc50bc326185259dd115271ecdac106bfc3","/.git/objects/3c/dbedad0c32e6ae9c56b8ad1a1a63d6d5985a56":"5b48690c97bcc315824938df803cf698f5c11ab84c937699386dfbe87bbc12d1","/.git/objects/16/78e86b5ab25738a9dca50383505669cf28db05":"f043b4778612d6d44cc1e0239f60e5a0a2caf4a967cae8d9f0fbdbf8eac05e2c","/.git/logs/refs/remotes/origin/main":"c5695201ede73d296544fee9798adc3deef29809a0c25942368127873a79630b","/.git/objects/19/f5cd7e7b722f3cc4a75a34e1cb7d74b53496c9":"4abf443ec86d8cd7b756b3c0ed71f9fa084bc237784260eed56287853ebca51e","/.git/logs/HEAD":"8fb89495be5259e39041d9f02c6bf3c34d60aa65ffdcf077af2e997fce10a4eb","/.git/logs/refs/heads/main":"50db20f051e1cd7c5c89111c3e2df3786825676d913e2d1eb77d11859bc742eb","/assets/img/acervo/mikhail.jpeg":"49490c772ab5a1a03fda7625dcddf1e9ab1365ef1b2a175fc8b0b25b60b251a8","/assets/img/acervo/lenin.jpeg":"8f31bf301d442ff04faf759464389ce1e8e9bcb0b7c50d1148de2ef4b373bd08","/assets/img/acervo/trotsky.jpeg":"918400419a7999db6e9a2eea0f30c7d4291feebce6face5b38fee1d334b5ff1c","/assets/img/acervo/sankara.jpeg":"1ce6a45c356bf0775350a84c62f0b8ced39a23a3dc5a1ea1c4487424ed663f4e","/assets/img/acervo/maquiavel.jpeg":"e50669fb3c059d1b840e6cb63e5129fe8e0c8bebad3ac6be2cb46340d82b4d5b","/.git/objects/bf/e52dc3db20468766a6ede00507b0f2b4c61825":"7ec571c975856567075584a79f841648c5088beabae9b2117cc673c4a61aef93","/.git/objects/c7/aa4c03b008c3ee7bf17df008776287e6fa8895":"d675d7f7956d0fd75b04ac064ab52f21036e03f7eb9944b8ed26e813159ecf66","/assets/img/acervo/engels.png":"86a5f1b1db50bdaf9763e895180a83268a68b8bd1e90dacb12b8c2d7594773c1","/assets/img/acervo/marx.png":"25d46fcf99fca4f8d34e5c913d8e5b24b5b928fc40eec746dd1f5eba3ec19d09"}}
[debug] [2026-08-30T01:48:18.526Z] <<< [apiv2][status] POST https://firebasehosting.googleapis.com/v1beta1/projects/702716040682/sites/setelagoaspolitica/versions/9780d623ed32b411:populateFiles 200
[debug] [2026-08-30T01:48:18.526Z] <<< [apiv2][body] POST https://firebasehosting.googleapis.com/v1beta1/projects/702716040682/sites/setelagoaspolitica/versions/9780d623ed32b411:populateFiles {"uploadRequiredHashes":["c5695201ede73d296544fee9798adc3deef29809a0c25942368127873a79630b","8f31bf301d442ff04faf759464389ce1e8e9bcb0b7c50d1148de2ef4b373bd08","49490c772ab5a1a03fda7625dcddf1e9ab1365ef1b2a175fc8b0b25b60b251a8","b476d5d417536ca6195c56b44caa0af14db23ef458f0db0963363857036062df","4bced0bf6b71c733e987ad5707cec1dfb0d6dcf0db1e70bbe2e5cfeb428bf793","8fb89495be5259e39041d9f02c6bf3c34d60aa65ffdcf077af2e997fce10a4eb","5b48690c97bcc315824938df803cf698f5c11ab84c937699386dfbe87bbc12d1","5a8cbb2d9b0d8866243a317882058fc50bc326185259dd115271ecdac106bfc3","7d9cc12ae901c5f275245ac92b6d6149d8eae0adbf814e8faed605589e4ecfed","e50669fb3c059d1b840e6cb63e5129fe8e0c8bebad3ac6be2cb46340d82b4d5b","1ce6a45c356bf0775350a84c62f0b8ced39a23a3dc5a1ea1c4487424ed663f4e","f043b4778612d6d44cc1e0239f60e5a0a2caf4a967cae8d9f0fbdbf8eac05e2c","f9d2d597731b13fcaf0b601148b71d582be0a92220712abcb09fa3792b595883","4abf443ec86d8cd7b756b3c0ed71f9fa084bc237784260eed56287853ebca51e","5fba225fe3b19a9e44a0a13ba3786d1f82142e7694f82c7b93a0335f0e0fbfc5","918400419a7999db6e9a2eea0f30c7d4291feebce6face5b38fee1d334b5ff1c","7ec571c975856567075584a79f841648c5088beabae9b2117cc673c4a61aef93","8366e0564da8dff975e2407a2c7ecd228da84e34b1701bab98b7a9231bba4c85","25d46fcf99fca4f8d34e5c913d8e5b24b5b928fc40eec746dd1f5eba3ec19d09","c1a2b98ec4a1dfcf91396ab6208a59455301541fc6800f2212923fea37534168","50db20f051e1cd7c5c89111c3e2df3786825676d913e2d1eb77d11859bc742eb","efd808716a13c3c76a36b3072a331c49a20758fd7dac691760bb9fbdb80d3907","86a5f1b1db50bdaf9763e895180a83268a68b8bd1e90dacb12b8c2d7594773c1","d675d7f7956d0fd75b04ac064ab52f21036e03f7eb9944b8ed26e813159ecf66"],"uploadUrl":"https://upload-firebasehosting.googleapis.com/upload/sites/setelagoaspolitica/versions/9780d623ed32b411/files"}
[debug] [2026-08-30T01:48:18.528Z] Checked if tokens are valid: true, expires at: 1788058093064
[debug] [2026-08-30T01:48:18.528Z] Checked if tokens are valid: true, expires at: 1788058093064
[debug] [2026-08-30T01:48:18.528Z] Checked if tokens are valid: true, expires at: 1788058093064
[debug] [2026-08-30T01:48:18.528Z] Checked if tokens are valid: true, expires at: 1788058093064
[debug] [2026-08-30T01:48:18.529Z] Checked if tokens are valid: true, expires at: 1788058093064
[debug] [2026-08-30T01:48:18.529Z] Checked if tokens are valid: true, expires at: 1788058093064
[debug] [2026-08-30T01:48:18.529Z] Checked if tokens are valid: true, expires at: 1788058093064
[debug] [2026-08-30T01:48:18.529Z] Checked if tokens are valid: true, expires at: 1788058093064
[debug] [2026-08-30T01:48:18.530Z] Checked if tokens are valid: true, expires at: 1788058093064
[debug] [2026-08-30T01:48:18.530Z] Checked if tokens are valid: true, expires at: 1788058093064
[debug] [2026-08-30T01:48:18.530Z] Checked if tokens are valid: true, expires at: 1788058093064
[debug] [2026-08-30T01:48:18.531Z] Checked if tokens are valid: true, expires at: 1788058093064
[debug] [2026-08-30T01:48:18.531Z] Checked if tokens are valid: true, expires at: 1788058093064
[debug] [2026-08-30T01:48:18.531Z] Checked if tokens are valid: true, expires at: 1788058093064
[debug] [2026-08-30T01:48:18.532Z] Checked if tokens are valid: true, expires at: 1788058093064
[debug] [2026-08-30T01:48:18.532Z] Checked if tokens are valid: true, expires at: 1788058093064
[debug] [2026-08-30T01:48:18.532Z] Checked if tokens are valid: true, expires at: 1788058093064
[debug] [2026-08-30T01:48:18.532Z] Checked if tokens are valid: true, expires at: 1788058093064
[debug] [2026-08-30T01:48:18.533Z] Checked if tokens are valid: true, expires at: 1788058093064
[debug] [2026-08-30T01:48:18.533Z] Checked if tokens are valid: true, expires at: 1788058093064
[debug] [2026-08-30T01:48:18.533Z] Checked if tokens are valid: true, expires at: 1788058093064
[debug] [2026-08-30T01:48:18.533Z] Checked if tokens are valid: true, expires at: 1788058093064
[debug] [2026-08-30T01:48:18.534Z] Checked if tokens are valid: true, expires at: 1788058093064
[debug] [2026-08-30T01:48:18.534Z] Checked if tokens are valid: true, expires at: 1788058093064
[debug] [2026-08-30T01:48:18.534Z] Checked if tokens are valid: true, expires at: 1788058093064
[debug] [2026-08-30T01:48:18.535Z] Checked if tokens are valid: true, expires at: 1788058093064
[debug] [2026-08-30T01:48:18.535Z] Checked if tokens are valid: true, expires at: 1788058093064
[debug] [2026-08-30T01:48:18.535Z] Checked if tokens are valid: true, expires at: 1788058093064
[debug] [2026-08-30T01:48:18.536Z] Checked if tokens are valid: true, expires at: 1788058093064
[debug] [2026-08-30T01:48:18.536Z] Checked if tokens are valid: true, expires at: 1788058093064
[debug] [2026-08-30T01:48:18.536Z] Checked if tokens are valid: true, expires at: 1788058093064
[debug] [2026-08-30T01:48:18.536Z] Checked if tokens are valid: true, expires at: 1788058093064
[debug] [2026-08-30T01:48:18.537Z] Checked if tokens are valid: true, expires at: 1788058093064
[debug] [2026-08-30T01:48:18.537Z] Checked if tokens are valid: true, expires at: 1788058093064
[debug] [2026-08-30T01:48:18.537Z] Checked if tokens are valid: true, expires at: 1788058093064
[debug] [2026-08-30T01:48:18.537Z] Checked if tokens are valid: true, expires at: 1788058093064
[debug] [2026-08-30T01:48:18.538Z] Checked if tokens are valid: true, expires at: 1788058093064
[debug] [2026-08-30T01:48:18.538Z] Checked if tokens are valid: true, expires at: 1788058093064
[debug] [2026-08-30T01:48:18.538Z] Checked if tokens are valid: true, expires at: 1788058093064
[debug] [2026-08-30T01:48:18.538Z] Checked if tokens are valid: true, expires at: 1788058093064
[debug] [2026-08-30T01:48:18.538Z] Checked if tokens are valid: true, expires at: 1788058093064
[debug] [2026-08-30T01:48:18.539Z] Checked if tokens are valid: true, expires at: 1788058093064
[debug] [2026-08-30T01:48:18.539Z] Checked if tokens are valid: true, expires at: 1788058093064
[debug] [2026-08-30T01:48:18.539Z] Checked if tokens are valid: true, expires at: 1788058093064
[debug] [2026-08-30T01:48:18.540Z] Checked if tokens are valid: true, expires at: 1788058093064
[debug] [2026-08-30T01:48:18.540Z] Checked if tokens are valid: true, expires at: 1788058093064
[debug] [2026-08-30T01:48:18.541Z] Checked if tokens are valid: true, expires at: 1788058093064
[debug] [2026-08-30T01:48:18.541Z] Checked if tokens are valid: true, expires at: 1788058093064
[debug] [2026-08-30T01:48:18.542Z] >>> [apiv2][query] POST https://upload-firebasehosting.googleapis.com/upload/sites/setelagoaspolitica/versions/9780d623ed32b411/files/c5695201ede73d296544fee9798adc3deef29809a0c25942368127873a79630b [none]
[debug] [2026-08-30T01:48:18.542Z] >>> [apiv2][body] POST https://upload-firebasehosting.googleapis.com/upload/sites/setelagoaspolitica/versions/9780d623ed32b411/files/c5695201ede73d296544fee9798adc3deef29809a0c25942368127873a79630b [stream]
[debug] [2026-08-30T01:48:18.544Z] >>> [apiv2][query] POST https://upload-firebasehosting.googleapis.com/upload/sites/setelagoaspolitica/versions/9780d623ed32b411/files/8f31bf301d442ff04faf759464389ce1e8e9bcb0b7c50d1148de2ef4b373bd08 [none]
[debug] [2026-08-30T01:48:18.544Z] >>> [apiv2][body] POST https://upload-firebasehosting.googleapis.com/upload/sites/setelagoaspolitica/versions/9780d623ed32b411/files/8f31bf301d442ff04faf759464389ce1e8e9bcb0b7c50d1148de2ef4b373bd08 [stream]
[debug] [2026-08-30T01:48:18.545Z] >>> [apiv2][query] POST https://upload-firebasehosting.googleapis.com/upload/sites/setelagoaspolitica/versions/9780d623ed32b411/files/49490c772ab5a1a03fda7625dcddf1e9ab1365ef1b2a175fc8b0b25b60b251a8 [none]
[debug] [2026-08-30T01:48:18.546Z] >>> [apiv2][body] POST https://upload-firebasehosting.googleapis.com/upload/sites/setelagoaspolitica/versions/9780d623ed32b411/files/49490c772ab5a1a03fda7625dcddf1e9ab1365ef1b2a175fc8b0b25b60b251a8 [stream]
[debug] [2026-08-30T01:48:18.547Z] >>> [apiv2][query] POST https://upload-firebasehosting.googleapis.com/upload/sites/setelagoaspolitica/versions/9780d623ed32b411/files/b476d5d417536ca6195c56b44caa0af14db23ef458f0db0963363857036062df [none]
[debug] [2026-08-30T01:48:18.547Z] >>> [apiv2][body] POST https://upload-firebasehosting.googleapis.com/upload/sites/setelagoaspolitica/versions/9780d623ed32b411/files/b476d5d417536ca6195c56b44caa0af14db23ef458f0db0963363857036062df [stream]
[debug] [2026-08-30T01:48:18.548Z] >>> [apiv2][query] POST https://upload-firebasehosting.googleapis.com/upload/sites/setelagoaspolitica/versions/9780d623ed32b411/files/4bced0bf6b71c733e987ad5707cec1dfb0d6dcf0db1e70bbe2e5cfeb428bf793 [none]
[debug] [2026-08-30T01:48:18.548Z] >>> [apiv2][body] POST https://upload-firebasehosting.googleapis.com/upload/sites/setelagoaspolitica/versions/9780d623ed32b411/files/4bced0bf6b71c733e987ad5707cec1dfb0d6dcf0db1e70bbe2e5cfeb428bf793 [stream]
[debug] [2026-08-30T01:48:18.549Z] >>> [apiv2][query] POST https://upload-firebasehosting.googleapis.com/upload/sites/setelagoaspolitica/versions/9780d623ed32b411/files/8fb89495be5259e39041d9f02c6bf3c34d60aa65ffdcf077af2e997fce10a4eb [none]
[debug] [2026-08-30T01:48:18.549Z] >>> [apiv2][body] POST https://upload-firebasehosting.googleapis.com/upload/sites/setelagoaspolitica/versions/9780d623ed32b411/files/8fb89495be5259e39041d9f02c6bf3c34d60aa65ffdcf077af2e997fce10a4eb [stream]
[debug] [2026-08-30T01:48:18.550Z] >>> [apiv2][query] POST https://upload-firebasehosting.googleapis.com/upload/sites/setelagoaspolitica/versions/9780d623ed32b411/files/5b48690c97bcc315824938df803cf698f5c11ab84c937699386dfbe87bbc12d1 [none]
[debug] [2026-08-30T01:48:18.550Z] >>> [apiv2][body] POST https://upload-firebasehosting.googleapis.com/upload/sites/setelagoaspolitica/versions/9780d623ed32b411/files/5b48690c97bcc315824938df803cf698f5c11ab84c937699386dfbe87bbc12d1 [stream]
[debug] [2026-08-30T01:48:18.551Z] >>> [apiv2][query] POST https://upload-firebasehosting.googleapis.com/upload/sites/setelagoaspolitica/versions/9780d623ed32b411/files/5a8cbb2d9b0d8866243a317882058fc50bc326185259dd115271ecdac106bfc3 [none]
[debug] [2026-08-30T01:48:18.551Z] >>> [apiv2][body] POST https://upload-firebasehosting.googleapis.com/upload/sites/setelagoaspolitica/versions/9780d623ed32b411/files/5a8cbb2d9b0d8866243a317882058fc50bc326185259dd115271ecdac106bfc3 [stream]
[debug] [2026-08-30T01:48:18.551Z] >>> [apiv2][query] POST https://upload-firebasehosting.googleapis.com/upload/sites/setelagoaspolitica/versions/9780d623ed32b411/files/7d9cc12ae901c5f275245ac92b6d6149d8eae0adbf814e8faed605589e4ecfed [none]
[debug] [2026-08-30T01:48:18.552Z] >>> [apiv2][body] POST https://upload-firebasehosting.googleapis.com/upload/sites/setelagoaspolitica/versions/9780d623ed32b411/files/7d9cc12ae901c5f275245ac92b6d6149d8eae0adbf814e8faed605589e4ecfed [stream]
[debug] [2026-08-30T01:48:18.552Z] >>> [apiv2][query] POST https://upload-firebasehosting.googleapis.com/upload/sites/setelagoaspolitica/versions/9780d623ed32b411/files/e50669fb3c059d1b840e6cb63e5129fe8e0c8bebad3ac6be2cb46340d82b4d5b [none]
[debug] [2026-08-30T01:48:18.552Z] >>> [apiv2][body] POST https://upload-firebasehosting.googleapis.com/upload/sites/setelagoaspolitica/versions/9780d623ed32b411/files/e50669fb3c059d1b840e6cb63e5129fe8e0c8bebad3ac6be2cb46340d82b4d5b [stream]
[debug] [2026-08-30T01:48:18.553Z] >>> [apiv2][query] POST https://upload-firebasehosting.googleapis.com/upload/sites/setelagoaspolitica/versions/9780d623ed32b411/files/1ce6a45c356bf0775350a84c62f0b8ced39a23a3dc5a1ea1c4487424ed663f4e [none]
[debug] [2026-08-30T01:48:18.553Z] >>> [apiv2][body] POST https://upload-firebasehosting.googleapis.com/upload/sites/setelagoaspolitica/versions/9780d623ed32b411/files/1ce6a45c356bf0775350a84c62f0b8ced39a23a3dc5a1ea1c4487424ed663f4e [stream]
[debug] [2026-08-30T01:48:18.554Z] >>> [apiv2][query] POST https://upload-firebasehosting.googleapis.com/upload/sites/setelagoaspolitica/versions/9780d623ed32b411/files/f043b4778612d6d44cc1e0239f60e5a0a2caf4a967cae8d9f0fbdbf8eac05e2c [none]
[debug] [2026-08-30T01:48:18.554Z] >>> [apiv2][body] POST https://upload-firebasehosting.googleapis.com/upload/sites/setelagoaspolitica/versions/9780d623ed32b411/files/f043b4778612d6d44cc1e0239f60e5a0a2caf4a967cae8d9f0fbdbf8eac05e2c [stream]
[debug] [2026-08-30T01:48:18.555Z] >>> [apiv2][query] POST https://upload-firebasehosting.googleapis.com/upload/sites/setelagoaspolitica/versions/9780d623ed32b411/files/f9d2d597731b13fcaf0b601148b71d582be0a92220712abcb09fa3792b595883 [none]
[debug] [2026-08-30T01:48:18.555Z] >>> [apiv2][body] POST https://upload-firebasehosting.googleapis.com/upload/sites/setelagoaspolitica/versions/9780d623ed32b411/files/f9d2d597731b13fcaf0b601148b71d582be0a92220712abcb09fa3792b595883 [stream]
[debug] [2026-08-30T01:48:18.556Z] >>> [apiv2][query] POST https://upload-firebasehosting.googleapis.com/upload/sites/setelagoaspolitica/versions/9780d623ed32b411/files/4abf443ec86d8cd7b756b3c0ed71f9fa084bc237784260eed56287853ebca51e [none]
[debug] [2026-08-30T01:48:18.556Z] >>> [apiv2][body] POST https://upload-firebasehosting.googleapis.com/upload/sites/setelagoaspolitica/versions/9780d623ed32b411/files/4abf443ec86d8cd7b756b3c0ed71f9fa084bc237784260eed56287853ebca51e [stream]
[debug] [2026-08-30T01:48:18.556Z] >>> [apiv2][query] POST https://upload-firebasehosting.googleapis.com/upload/sites/setelagoaspolitica/versions/9780d623ed32b411/files/5fba225fe3b19a9e44a0a13ba3786d1f82142e7694f82c7b93a0335f0e0fbfc5 [none]
[debug] [2026-08-30T01:48:18.556Z] >>> [apiv2][body] POST https://upload-firebasehosting.googleapis.com/upload/sites/setelagoaspolitica/versions/9780d623ed32b411/files/5fba225fe3b19a9e44a0a13ba3786d1f82142e7694f82c7b93a0335f0e0fbfc5 [stream]
[debug] [2026-08-30T01:48:18.557Z] >>> [apiv2][query] POST https://upload-firebasehosting.googleapis.com/upload/sites/setelagoaspolitica/versions/9780d623ed32b411/files/918400419a7999db6e9a2eea0f30c7d4291feebce6face5b38fee1d334b5ff1c [none]
[debug] [2026-08-30T01:48:18.557Z] >>> [apiv2][body] POST https://upload-firebasehosting.googleapis.com/upload/sites/setelagoaspolitica/versions/9780d623ed32b411/files/918400419a7999db6e9a2eea0f30c7d4291feebce6face5b38fee1d334b5ff1c [stream]
[debug] [2026-08-30T01:48:18.558Z] >>> [apiv2][query] POST https://upload-firebasehosting.googleapis.com/upload/sites/setelagoaspolitica/versions/9780d623ed32b411/files/7ec571c975856567075584a79f841648c5088beabae9b2117cc673c4a61aef93 [none]
[debug] [2026-08-30T01:48:18.558Z] >>> [apiv2][body] POST https://upload-firebasehosting.googleapis.com/upload/sites/setelagoaspolitica/versions/9780d623ed32b411/files/7ec571c975856567075584a79f841648c5088beabae9b2117cc673c4a61aef93 [stream]
[debug] [2026-08-30T01:48:18.559Z] >>> [apiv2][query] POST https://upload-firebasehosting.googleapis.com/upload/sites/setelagoaspolitica/versions/9780d623ed32b411/files/8366e0564da8dff975e2407a2c7ecd228da84e34b1701bab98b7a9231bba4c85 [none]
[debug] [2026-08-30T01:48:18.559Z] >>> [apiv2][body] POST https://upload-firebasehosting.googleapis.com/upload/sites/setelagoaspolitica/versions/9780d623ed32b411/files/8366e0564da8dff975e2407a2c7ecd228da84e34b1701bab98b7a9231bba4c85 [stream]
[debug] [2026-08-30T01:48:18.559Z] >>> [apiv2][query] POST https://upload-firebasehosting.googleapis.com/upload/sites/setelagoaspolitica/versions/9780d623ed32b411/files/25d46fcf99fca4f8d34e5c913d8e5b24b5b928fc40eec746dd1f5eba3ec19d09 [none]
[debug] [2026-08-30T01:48:18.560Z] >>> [apiv2][body] POST https://upload-firebasehosting.googleapis.com/upload/sites/setelagoaspolitica/versions/9780d623ed32b411/files/25d46fcf99fca4f8d34e5c913d8e5b24b5b928fc40eec746dd1f5eba3ec19d09 [stream]
[debug] [2026-08-30T01:48:18.560Z] >>> [apiv2][query] POST https://upload-firebasehosting.googleapis.com/upload/sites/setelagoaspolitica/versions/9780d623ed32b411/files/c1a2b98ec4a1dfcf91396ab6208a59455301541fc6800f2212923fea37534168 [none]
[debug] [2026-08-30T01:48:18.560Z] >>> [apiv2][body] POST https://upload-firebasehosting.googleapis.com/upload/sites/setelagoaspolitica/versions/9780d623ed32b411/files/c1a2b98ec4a1dfcf91396ab6208a59455301541fc6800f2212923fea37534168 [stream]
[debug] [2026-08-30T01:48:18.561Z] >>> [apiv2][query] POST https://upload-firebasehosting.googleapis.com/upload/sites/setelagoaspolitica/versions/9780d623ed32b411/files/50db20f051e1cd7c5c89111c3e2df3786825676d913e2d1eb77d11859bc742eb [none]
[debug] [2026-08-30T01:48:18.561Z] >>> [apiv2][body] POST https://upload-firebasehosting.googleapis.com/upload/sites/setelagoaspolitica/versions/9780d623ed32b411/files/50db20f051e1cd7c5c89111c3e2df3786825676d913e2d1eb77d11859bc742eb [stream]
[debug] [2026-08-30T01:48:18.562Z] >>> [apiv2][query] POST https://upload-firebasehosting.googleapis.com/upload/sites/setelagoaspolitica/versions/9780d623ed32b411/files/efd808716a13c3c76a36b3072a331c49a20758fd7dac691760bb9fbdb80d3907 [none]
[debug] [2026-08-30T01:48:18.562Z] >>> [apiv2][body] POST https://upload-firebasehosting.googleapis.com/upload/sites/setelagoaspolitica/versions/9780d623ed32b411/files/efd808716a13c3c76a36b3072a331c49a20758fd7dac691760bb9fbdb80d3907 [stream]
[debug] [2026-08-30T01:48:18.563Z] >>> [apiv2][query] POST https://upload-firebasehosting.googleapis.com/upload/sites/setelagoaspolitica/versions/9780d623ed32b411/files/86a5f1b1db50bdaf9763e895180a83268a68b8bd1e90dacb12b8c2d7594773c1 [none]
[debug] [2026-08-30T01:48:18.563Z] >>> [apiv2][body] POST https://upload-firebasehosting.googleapis.com/upload/sites/setelagoaspolitica/versions/9780d623ed32b411/files/86a5f1b1db50bdaf9763e895180a83268a68b8bd1e90dacb12b8c2d7594773c1 [stream]
[debug] [2026-08-30T01:48:18.563Z] >>> [apiv2][query] POST https://upload-firebasehosting.googleapis.com/upload/sites/setelagoaspolitica/versions/9780d623ed32b411/files/d675d7f7956d0fd75b04ac064ab52f21036e03f7eb9944b8ed26e813159ecf66 [none]
[debug] [2026-08-30T01:48:18.563Z] >>> [apiv2][body] POST https://upload-firebasehosting.googleapis.com/upload/sites/setelagoaspolitica/versions/9780d623ed32b411/files/d675d7f7956d0fd75b04ac064ab52f21036e03f7eb9944b8ed26e813159ecf66 [stream]
[debug] [2026-08-30T01:48:18.585Z] [hosting][populate queue][FINAL] {"max":797,"min":797,"avg":797,"active":0,"complete":1,"success":1,"errored":0,"retried":0,"total":1,"elapsed":841}
[debug] [2026-08-30T01:48:18.585Z] [hosting] uploads queued: 24
[debug] [2026-08-30T01:48:20.121Z] <<< [apiv2][status] POST https://upload-firebasehosting.googleapis.com/upload/sites/setelagoaspolitica/versions/9780d623ed32b411/files/4abf443ec86d8cd7b756b3c0ed71f9fa084bc237784260eed56287853ebca51e 200
[debug] [2026-08-30T01:48:20.121Z] <<< [apiv2][body] POST https://upload-firebasehosting.googleapis.com/upload/sites/setelagoaspolitica/versions/9780d623ed32b411/files/4abf443ec86d8cd7b756b3c0ed71f9fa084bc237784260eed56287853ebca51e [stream]
[debug] [2026-08-30T01:48:20.145Z] <<< [apiv2][status] POST https://upload-firebasehosting.googleapis.com/upload/sites/setelagoaspolitica/versions/9780d623ed32b411/files/c5695201ede73d296544fee9798adc3deef29809a0c25942368127873a79630b 200
[debug] [2026-08-30T01:48:20.145Z] <<< [apiv2][body] POST https://upload-firebasehosting.googleapis.com/upload/sites/setelagoaspolitica/versions/9780d623ed32b411/files/c5695201ede73d296544fee9798adc3deef29809a0c25942368127873a79630b [stream]
[debug] [2026-08-30T01:48:20.147Z] <<< [apiv2][status] POST https://upload-firebasehosting.googleapis.com/upload/sites/setelagoaspolitica/versions/9780d623ed32b411/files/f043b4778612d6d44cc1e0239f60e5a0a2caf4a967cae8d9f0fbdbf8eac05e2c 200
[debug] [2026-08-30T01:48:20.147Z] <<< [apiv2][body] POST https://upload-firebasehosting.googleapis.com/upload/sites/setelagoaspolitica/versions/9780d623ed32b411/files/f043b4778612d6d44cc1e0239f60e5a0a2caf4a967cae8d9f0fbdbf8eac05e2c [stream]
[debug] [2026-08-30T01:48:20.148Z] <<< [apiv2][status] POST https://upload-firebasehosting.googleapis.com/upload/sites/setelagoaspolitica/versions/9780d623ed32b411/files/4bced0bf6b71c733e987ad5707cec1dfb0d6dcf0db1e70bbe2e5cfeb428bf793 200
[debug] [2026-08-30T01:48:20.149Z] <<< [apiv2][body] POST https://upload-firebasehosting.googleapis.com/upload/sites/setelagoaspolitica/versions/9780d623ed32b411/files/4bced0bf6b71c733e987ad5707cec1dfb0d6dcf0db1e70bbe2e5cfeb428bf793 [stream]
[debug] [2026-08-30T01:48:20.149Z] <<< [apiv2][status] POST https://upload-firebasehosting.googleapis.com/upload/sites/setelagoaspolitica/versions/9780d623ed32b411/files/5a8cbb2d9b0d8866243a317882058fc50bc326185259dd115271ecdac106bfc3 200
[debug] [2026-08-30T01:48:20.149Z] <<< [apiv2][body] POST https://upload-firebasehosting.googleapis.com/upload/sites/setelagoaspolitica/versions/9780d623ed32b411/files/5a8cbb2d9b0d8866243a317882058fc50bc326185259dd115271ecdac106bfc3 [stream]
[debug] [2026-08-30T01:48:20.199Z] <<< [apiv2][status] POST https://upload-firebasehosting.googleapis.com/upload/sites/setelagoaspolitica/versions/9780d623ed32b411/files/7d9cc12ae901c5f275245ac92b6d6149d8eae0adbf814e8faed605589e4ecfed 200
[debug] [2026-08-30T01:48:20.199Z] <<< [apiv2][body] POST https://upload-firebasehosting.googleapis.com/upload/sites/setelagoaspolitica/versions/9780d623ed32b411/files/7d9cc12ae901c5f275245ac92b6d6149d8eae0adbf814e8faed605589e4ecfed [stream]
[debug] [2026-08-30T01:48:20.200Z] <<< [apiv2][status] POST https://upload-firebasehosting.googleapis.com/upload/sites/setelagoaspolitica/versions/9780d623ed32b411/files/c1a2b98ec4a1dfcf91396ab6208a59455301541fc6800f2212923fea37534168 200
[debug] [2026-08-30T01:48:20.200Z] <<< [apiv2][body] POST https://upload-firebasehosting.googleapis.com/upload/sites/setelagoaspolitica/versions/9780d623ed32b411/files/c1a2b98ec4a1dfcf91396ab6208a59455301541fc6800f2212923fea37534168 [stream]
[debug] [2026-08-30T01:48:20.201Z] <<< [apiv2][status] POST https://upload-firebasehosting.googleapis.com/upload/sites/setelagoaspolitica/versions/9780d623ed32b411/files/5b48690c97bcc315824938df803cf698f5c11ab84c937699386dfbe87bbc12d1 200
[debug] [2026-08-30T01:48:20.201Z] <<< [apiv2][body] POST https://upload-firebasehosting.googleapis.com/upload/sites/setelagoaspolitica/versions/9780d623ed32b411/files/5b48690c97bcc315824938df803cf698f5c11ab84c937699386dfbe87bbc12d1 [stream]
[debug] [2026-08-30T01:48:20.202Z] <<< [apiv2][status] POST https://upload-firebasehosting.googleapis.com/upload/sites/setelagoaspolitica/versions/9780d623ed32b411/files/8366e0564da8dff975e2407a2c7ecd228da84e34b1701bab98b7a9231bba4c85 200
[debug] [2026-08-30T01:48:20.202Z] <<< [apiv2][body] POST https://upload-firebasehosting.googleapis.com/upload/sites/setelagoaspolitica/versions/9780d623ed32b411/files/8366e0564da8dff975e2407a2c7ecd228da84e34b1701bab98b7a9231bba4c85 [stream]
[debug] [2026-08-30T01:48:20.204Z] <<< [apiv2][status] POST https://upload-firebasehosting.googleapis.com/upload/sites/setelagoaspolitica/versions/9780d623ed32b411/files/8fb89495be5259e39041d9f02c6bf3c34d60aa65ffdcf077af2e997fce10a4eb 200
[debug] [2026-08-30T01:48:20.204Z] <<< [apiv2][body] POST https://upload-firebasehosting.googleapis.com/upload/sites/setelagoaspolitica/versions/9780d623ed32b411/files/8fb89495be5259e39041d9f02c6bf3c34d60aa65ffdcf077af2e997fce10a4eb [stream]
[debug] [2026-08-30T01:48:20.205Z] <<< [apiv2][status] POST https://upload-firebasehosting.googleapis.com/upload/sites/setelagoaspolitica/versions/9780d623ed32b411/files/50db20f051e1cd7c5c89111c3e2df3786825676d913e2d1eb77d11859bc742eb 200
[debug] [2026-08-30T01:48:20.205Z] <<< [apiv2][body] POST https://upload-firebasehosting.googleapis.com/upload/sites/setelagoaspolitica/versions/9780d623ed32b411/files/50db20f051e1cd7c5c89111c3e2df3786825676d913e2d1eb77d11859bc742eb [stream]
[debug] [2026-08-30T01:48:20.214Z] <<< [apiv2][status] POST https://upload-firebasehosting.googleapis.com/upload/sites/setelagoaspolitica/versions/9780d623ed32b411/files/f9d2d597731b13fcaf0b601148b71d582be0a92220712abcb09fa3792b595883 200
[debug] [2026-08-30T01:48:20.214Z] <<< [apiv2][body] POST https://upload-firebasehosting.googleapis.com/upload/sites/setelagoaspolitica/versions/9780d623ed32b411/files/f9d2d597731b13fcaf0b601148b71d582be0a92220712abcb09fa3792b595883 [stream]
[debug] [2026-08-30T01:48:20.225Z] <<< [apiv2][status] POST https://upload-firebasehosting.googleapis.com/upload/sites/setelagoaspolitica/versions/9780d623ed32b411/files/b476d5d417536ca6195c56b44caa0af14db23ef458f0db0963363857036062df 200
[debug] [2026-08-30T01:48:20.225Z] <<< [apiv2][body] POST https://upload-firebasehosting.googleapis.com/upload/sites/setelagoaspolitica/versions/9780d623ed32b411/files/b476d5d417536ca6195c56b44caa0af14db23ef458f0db0963363857036062df [stream]
[debug] [2026-08-30T01:48:20.239Z] <<< [apiv2][status] POST https://upload-firebasehosting.googleapis.com/upload/sites/setelagoaspolitica/versions/9780d623ed32b411/files/5fba225fe3b19a9e44a0a13ba3786d1f82142e7694f82c7b93a0335f0e0fbfc5 200
[debug] [2026-08-30T01:48:20.239Z] <<< [apiv2][body] POST https://upload-firebasehosting.googleapis.com/upload/sites/setelagoaspolitica/versions/9780d623ed32b411/files/5fba225fe3b19a9e44a0a13ba3786d1f82142e7694f82c7b93a0335f0e0fbfc5 [stream]
[debug] [2026-08-30T01:48:20.305Z] <<< [apiv2][status] POST https://upload-firebasehosting.googleapis.com/upload/sites/setelagoaspolitica/versions/9780d623ed32b411/files/efd808716a13c3c76a36b3072a331c49a20758fd7dac691760bb9fbdb80d3907 200
[debug] [2026-08-30T01:48:20.305Z] <<< [apiv2][body] POST https://upload-firebasehosting.googleapis.com/upload/sites/setelagoaspolitica/versions/9780d623ed32b411/files/efd808716a13c3c76a36b3072a331c49a20758fd7dac691760bb9fbdb80d3907 [stream]
